2026-10-01T18:04:48.353Z	Initializing build environment...
2026-10-01T18:04:49.891Z	Success: Finished initializing build environment
2026-10-01T18:04:50.738Z	Cloning repository...
2026-10-01T18:04:52.188Z	Restoring from dependencies cache
2026-10-01T18:04:52.190Z	Restoring from build output cache
2026-10-01T18:04:54.138Z	Detected the following tools from environment: yarn@4.5.0, npm@10.9.2, nodejs@24.18.0
2026-10-01T18:04:54.459Z	Installing project dependencies: yarn
2026-10-01T18:04:54.907Z	➤ YN0000: · Yarn 4.5.0
2026-10-01T18:04:54.913Z	➤ YN0000: ┌ Resolution step
2026-10-01T18:04:55.148Z	➤ YN0000: └ Completed in 0s 234ms
2026-10-01T18:04:55.210Z	➤ YN0000: ┌ Fetch step
2026-10-01T18:05:11.835Z	➤ YN0066: │ typescript@patch:typescript@npm%3A5.9.3#optional!builtin<compat/typescript>::version=5.9.3&hash=8c6c40: Cannot apply hunk #1
2026-10-01T18:05:12.603Z	➤ YN0013: │ 943 packages were added to the project (+ 1.11 GiB).
2026-10-01T18:05:12.603Z	➤ YN0000: └ Completed in 17s 393ms
2026-10-01T18:05:12.655Z	➤ YN0000: ┌ Link step
2026-10-01T18:05:25.946Z	➤ YN0007: │ esbuild@npm:0.25.12 must be built because it never has been before or the last one failed
2026-10-01T18:05:25.947Z	➤ YN0007: │ esbuild@npm:0.28.1 must be built because it never has been before or the last one failed
2026-10-01T18:05:25.947Z	➤ YN0007: │ esbuild@npm:0.28.0 must be built because it never has been before or the last one failed
2026-10-01T18:05:25.947Z	➤ YN0007: │ msw@npm:2.14.6 [e9393] must be built because it never has been before or the last one failed
2026-10-01T18:05:25.948Z	➤ YN0007: │ sharp@npm:0.34.5 must be built because it never has been before or the last one failed
2026-10-01T18:05:25.948Z	➤ YN0007: │ @clerk/shared@npm:4.13.1 [89a86] must be built because it never has been before or the last one failed
2026-10-01T18:05:25.948Z	➤ YN0007: │ workerd@npm:1.20260930.2 must be built because it never has been before or the last one failed
2026-10-01T18:05:25.948Z	➤ YN0007: │ esbuild@npm:0.25.4 must be built because it never has been before or the last one failed
2026-10-01T18:05:25.948Z	➤ YN0007: │ unrs-resolver@npm:1.12.2 must be built because it never has been before or the last one failed
2026-10-01T18:05:25.949Z	➤ YN0007: │ esbuild@npm:0.18.20 must be built because it never has been before or the last one failed
2026-10-01T18:05:26.714Z	➤ YN0000: └ Completed in 14s 58ms
2026-10-01T18:05:26.793Z	➤ YN0000: · Done with warnings in 31s 887ms
2026-10-01T18:05:27.267Z	Executing user build command: yarn run build
2026-10-01T18:05:28.972Z	⚠ No build cache found. Please configure build caching for faster rebuilds. Read more: https://nextjs.org/docs/messages/no-cache
2026-10-01T18:05:28.978Z	Attention: Next.js now collects completely anonymous telemetry regarding usage.
2026-10-01T18:05:28.978Z	This information is used to shape Next.js' roadmap and prioritize features.
2026-10-01T18:05:28.979Z	You can learn more, including how to opt-out if you'd not like to participate in this anonymous program, by visiting the following URL:
2026-10-01T18:05:28.979Z	https://nextjs.org/telemetry
2026-10-01T18:05:28.979Z	
2026-10-01T18:05:29.004Z	Using secrets defined in .dev.vars
2026-10-01T18:05:29.293Z	▲ Next.js 16.2.6 (Turbopack)
2026-10-01T18:05:29.294Z	
2026-10-01T18:05:29.317Z	⚠ The "middleware" file convention is deprecated. Please use "proxy" instead. Learn more: https://nextjs.org/docs/messages/middleware-to-proxy
2026-10-01T18:05:29.366Z	  Creating an optimized production build ...
2026-10-01T18:05:57.185Z	✓ Compiled successfully in 27.6s
2026-10-01T18:05:57.189Z	  Running TypeScript ...
2026-10-01T18:06:27.195Z	  Finished TypeScript in 30.0s ...
2026-10-01T18:06:27.207Z	  Collecting page data using 1 worker ...
2026-10-01T18:06:27.665Z	Error: Failed to collect configuration for /dashboard/availability
2026-10-01T18:06:27.666Z	    at ignore-listed frames {
2026-10-01T18:06:27.666Z	  [cause]: Error: DATABASE_URL is not set in production
2026-10-01T18:06:27.666Z	      at <unknown> (.next/server/chunks/ssr/[root-of-the-server]__0pr20rc._.js:14:33738)
2026-10-01T18:06:27.666Z	}
2026-10-01T18:06:28.174Z	
2026-10-01T18:06:28.175Z	> Build error occurred
2026-10-01T18:06:28.178Z	Error: Failed to collect page data for /dashboard/availability
2026-10-01T18:06:28.178Z	    at ignore-listed frames {
2026-10-01T18:06:28.178Z	  type: 'Error'
2026-10-01T18:06:28.178Z	}
2026-10-01T18:06:28.282Z	Failed: error occurred while running build command