2026-10-01T18:15:59.886Z	Initializing build environment...
2026-10-01T18:16:02.819Z	Success: Finished initializing build environment
2026-10-01T18:16:04.031Z	Cloning repository...
2026-10-01T18:16:07.762Z	Restoring from dependencies cache
2026-10-01T18:16:07.764Z	Restoring from build output cache
2026-10-01T18:16:09.902Z	Detected the following tools from environment: yarn@4.5.0, npm@10.9.2, nodejs@24.18.0
2026-10-01T18:16:10.261Z	Installing project dependencies: yarn
2026-10-01T18:16:10.822Z	➤ YN0000: · Yarn 4.5.0
2026-10-01T18:16:10.837Z	➤ YN0000: ┌ Resolution step
2026-10-01T18:16:11.131Z	➤ YN0000: └ Completed in 0s 296ms
2026-10-01T18:16:11.205Z	➤ YN0000: ┌ Fetch step
2026-10-01T18:16:30.533Z	➤ YN0066: │ typescript@patch:typescript@npm%3A5.9.3#optional!builtin<compat/typescript>::version=5.9.3&hash=8c6c40: Cannot apply hunk #1
2026-10-01T18:16:31.319Z	➤ YN0013: │ 943 packages were added to the project (+ 1.11 GiB).
2026-10-01T18:16:31.319Z	➤ YN0000: └ Completed in 20s 114ms
2026-10-01T18:16:31.390Z	➤ YN0000: ┌ Link step
2026-10-01T18:16:47.624Z	➤ YN0007: │ esbuild@npm:0.25.12 must be built because it never has been before or the last one failed
2026-10-01T18:16:47.625Z	➤ YN0007: │ esbuild@npm:0.28.1 must be built because it never has been before or the last one failed
2026-10-01T18:16:47.625Z	➤ YN0007: │ esbuild@npm:0.28.0 must be built because it never has been before or the last one failed
2026-10-01T18:16:47.625Z	➤ YN0007: │ msw@npm:2.14.6 [e9393] must be built because it never has been before or the last one failed
2026-10-01T18:16:47.626Z	➤ YN0007: │ sharp@npm:0.34.5 must be built because it never has been before or the last one failed
2026-10-01T18:16:47.627Z	➤ YN0007: │ @clerk/shared@npm:4.13.1 [89a86] must be built because it never has been before or the last one failed
2026-10-01T18:16:47.627Z	➤ YN0007: │ workerd@npm:1.20260930.2 must be built because it never has been before or the last one failed
2026-10-01T18:16:47.628Z	➤ YN0007: │ esbuild@npm:0.25.4 must be built because it never has been before or the last one failed
2026-10-01T18:16:47.628Z	➤ YN0007: │ unrs-resolver@npm:1.12.2 must be built because it never has been before or the last one failed
2026-10-01T18:16:47.628Z	➤ YN0007: │ esbuild@npm:0.18.20 must be built because it never has been before or the last one failed
2026-10-01T18:16:48.630Z	➤ YN0000: └ Completed in 17s 240ms
2026-10-01T18:16:48.719Z	➤ YN0000: · Done with warnings in 37s 907ms
2026-10-01T18:16:49.320Z	Executing user build command: yarn run build
2026-10-01T18:16:51.755Z	⚠ No build cache found. Please configure build caching for faster rebuilds. Read more: https://nextjs.org/docs/messages/no-cache
2026-10-01T18:16:51.759Z	Attention: Next.js now collects completely anonymous telemetry regarding usage.
2026-10-01T18:16:51.760Z	This information is used to shape Next.js' roadmap and prioritize features.
2026-10-01T18:16:51.761Z	You can learn more, including how to opt-out if you'd not like to participate in this anonymous program, by visiting the following URL:
2026-10-01T18:16:51.761Z	https://nextjs.org/telemetry
2026-10-01T18:16:51.761Z	
2026-10-01T18:16:51.773Z	Using secrets defined in .dev.vars
2026-10-01T18:16:51.870Z	▲ Next.js 16.2.6 (Turbopack)
2026-10-01T18:16:51.871Z	
2026-10-01T18:16:51.898Z	⚠ The "middleware" file convention is deprecated. Please use "proxy" instead. Learn more: https://nextjs.org/docs/messages/middleware-to-proxy
2026-10-01T18:16:51.955Z	  Creating an optimized production build ...
2026-10-01T18:17:21.351Z	✓ Compiled successfully in 29.1s
2026-10-01T18:17:21.356Z	  Running TypeScript ...
2026-10-01T18:17:53.629Z	  Finished TypeScript in 32.3s ...
2026-10-01T18:17:53.635Z	  Collecting page data using 1 worker ...
2026-10-01T18:17:54.592Z	  Generating static pages using 1 worker (0/6) ...
2026-10-01T18:17:54.894Z	  Generating static pages using 1 worker (1/6) 
2026-10-01T18:17:54.894Z	  Generating static pages using 1 worker (2/6) 
2026-10-01T18:17:54.898Z	  Generating static pages using 1 worker (4/6) 
2026-10-01T18:17:54.899Z	✓ Generating static pages using 1 worker (6/6) in 308ms
2026-10-01T18:17:54.905Z	  Finalizing page optimization ...
2026-10-01T18:17:54.912Z	
2026-10-01T18:17:54.915Z	Route (app)
2026-10-01T18:17:54.915Z	┌ ○ /
2026-10-01T18:17:54.915Z	├ ○ /_not-found
2026-10-01T18:17:54.915Z	├ ƒ /[username]/[eventSlug]
2026-10-01T18:17:54.915Z	├ ƒ /dashboard
2026-10-01T18:17:54.915Z	├ ƒ /dashboard/availability
2026-10-01T18:17:54.915Z	├ ƒ /dashboard/bookings
2026-10-01T18:17:54.916Z	├ ƒ /dashboard/events/[id]
2026-10-01T18:17:54.916Z	├ ○ /dashboard/events/new
2026-10-01T18:17:54.916Z	├ ƒ /dashboard/starred
2026-10-01T18:17:54.916Z	├ ƒ /dashboard/trash
2026-10-01T18:17:54.916Z	├ ○ /robots.txt
2026-10-01T18:17:54.916Z	├ ƒ /sign-in/[[...sign-in]]
2026-10-01T18:17:54.917Z	└ ƒ /sign-up/[[...sign-up]]
2026-10-01T18:17:54.917Z	
2026-10-01T18:17:54.917Z	
2026-10-01T18:17:54.918Z	ƒ Proxy (Middleware)
2026-10-01T18:17:54.918Z	
2026-10-01T18:17:54.918Z	○  (Static)   prerendered as static content
2026-10-01T18:17:54.918Z	ƒ  (Dynamic)  server-rendered on demand
2026-10-01T18:17:54.918Z	
2026-10-01T18:17:55.539Z	Success: Build command completed
2026-10-01T18:17:55.833Z	Executing user deploy command: npx wrangler deploy
2026-10-01T18:17:58.185Z	
2026-10-01T18:17:58.186Z	 ⛅️ wrangler 4.145.0
2026-10-01T18:17:58.186Z	────────────────────
2026-10-01T18:17:58.245Z	OpenNext project detected, calling `opennextjs-cloudflare deploy`
2026-10-01T18:18:00.877Z	
2026-10-01T18:18:00.877Z	┌──────────────────────────────┐
2026-10-01T18:18:00.877Z	│ OpenNext — Cloudflare deploy │
2026-10-01T18:18:00.877Z	└──────────────────────────────┘
2026-10-01T18:18:00.878Z	
2026-10-01T18:18:00.880Z	ERROR Could not find compiled Open Next config, did you run the build command?
2026-10-01T18:18:00.947Z	
2026-10-01T18:18:00.947Z	Cloudflare collects anonymous telemetry about your usage of Wrangler. Learn more at https://github.com/cloudflare/workers-sdk/tree/main/packages/wrangler/telemetry.md
2026-10-01T18:18:00.949Z	
2026-10-01T18:18:01.016Z	✘ [ERROR] 
2026-10-01T18:18:01.017Z	
2026-10-01T18:18:01.017Z	
2026-10-01T18:18:01.018Z	If you think this is a bug then please create an issue at https://github.com/cloudflare/workers-sdk/issues/new/choose
2026-10-01T18:18:01.019Z	Note that there is a newer version of Wrangler available (4.146.0). Consider checking whether upgrading resolves this error.
2026-10-01T18:18:01.034Z	🪵  Logs were written to "/opt/buildhome/.config/.wrangler/logs/wrangler-2026-10-01_18-17-57_803.log"
2026-10-01T18:18:01.128Z	Failed: error occurred while running deploy command