2026-10-01T18:28:12.642Z	Initializing build environment...
2026-10-01T18:28:18.488Z	Success: Finished initializing build environment
2026-10-01T18:28:19.440Z	Cloning repository...
2026-10-01T18:28:20.880Z	Restoring from dependencies cache
2026-10-01T18:28:20.882Z	Restoring from build output cache
2026-10-01T18:28:22.512Z	Detected the following tools from environment: yarn@4.5.0, npm@10.9.2, nodejs@24.18.0
2026-10-01T18:28:22.811Z	Installing project dependencies: yarn
2026-10-01T18:28:23.302Z	➤ YN0000: · Yarn 4.5.0
2026-10-01T18:28:23.319Z	➤ YN0000: ┌ Resolution step
2026-10-01T18:28:23.534Z	➤ YN0000: └ Completed in 0s 220ms
2026-10-01T18:28:23.592Z	➤ YN0000: ┌ Fetch step
2026-10-01T18:28:40.002Z	➤ YN0066: │ typescript@patch:typescript@npm%3A5.9.3#optional!builtin<compat/typescript>::version=5.9.3&hash=8c6c40: Cannot apply hunk #1
2026-10-01T18:28:40.767Z	➤ YN0013: │ 943 packages were added to the project (+ 1.11 GiB).
2026-10-01T18:28:40.767Z	➤ YN0000: └ Completed in 17s 176ms
2026-10-01T18:28:40.871Z	➤ YN0000: ┌ Link step
2026-10-01T18:28:54.298Z	➤ YN0007: │ esbuild@npm:0.25.12 must be built because it never has been before or the last one failed
2026-10-01T18:28:54.298Z	➤ YN0007: │ esbuild@npm:0.28.1 must be built because it never has been before or the last one failed
2026-10-01T18:28:54.301Z	➤ YN0007: │ esbuild@npm:0.28.0 must be built because it never has been before or the last one failed
2026-10-01T18:28:54.301Z	➤ YN0007: │ msw@npm:2.14.6 [e9393] must be built because it never has been before or the last one failed
2026-10-01T18:28:54.302Z	➤ YN0007: │ sharp@npm:0.34.5 must be built because it never has been before or the last one failed
2026-10-01T18:28:54.304Z	➤ YN0007: │ @clerk/shared@npm:4.13.1 [89a86] must be built because it never has been before or the last one failed
2026-10-01T18:28:54.304Z	➤ YN0007: │ workerd@npm:1.20260930.2 must be built because it never has been before or the last one failed
2026-10-01T18:28:54.304Z	➤ YN0007: │ esbuild@npm:0.25.4 must be built because it never has been before or the last one failed
2026-10-01T18:28:54.304Z	➤ YN0007: │ unrs-resolver@npm:1.12.2 must be built because it never has been before or the last one failed
2026-10-01T18:28:54.304Z	➤ YN0007: │ esbuild@npm:0.18.20 must be built because it never has been before or the last one failed
2026-10-01T18:28:55.581Z	➤ YN0000: └ Completed in 14s 709ms
2026-10-01T18:28:55.670Z	➤ YN0000: · Done with warnings in 32s 369ms
2026-10-01T18:28:56.132Z	Executing user build command: yarn run build
2026-10-01T18:28:58.110Z	
2026-10-01T18:28:58.110Z	┌─────────────────────────────┐
2026-10-01T18:28:58.110Z	│ OpenNext — Cloudflare build │
2026-10-01T18:28:58.110Z	└─────────────────────────────┘
2026-10-01T18:28:58.110Z	
2026-10-01T18:28:58.200Z	App directory: /opt/buildhome/repo
2026-10-01T18:28:58.200Z	Next.js version : 16.2.6
2026-10-01T18:28:58.201Z	@opennextjs/cloudflare version: 1.20.1
2026-10-01T18:28:58.202Z	@opennextjs/aws version: 4.0.2
2026-10-01T18:28:58.203Z	
2026-10-01T18:28:58.203Z	┌─────────────────────────────────┐
2026-10-01T18:28:58.203Z	│ OpenNext — Building Next.js app │
2026-10-01T18:28:58.203Z	└─────────────────────────────────┘
2026-10-01T18:28:58.203Z	
2026-10-01T18:28:58.203Z	WARN workerd compatibility_date: 2025-04-01, consider updating your wrangler config to a more recent date to benefit from the latest features and fixes.
2026-10-01T18:28:58.361Z	
2026-10-01T18:28:58.361Z	> post-master@0.1.0 build
2026-10-01T18:28:58.361Z	> opennextjs-cloudflare build
2026-10-01T18:28:58.361Z	
2026-10-01T18:28:59.745Z	
2026-10-01T18:28:59.745Z	┌─────────────────────────────┐
2026-10-01T18:28:59.745Z	│ OpenNext — Cloudflare build │
2026-10-01T18:28:59.745Z	└─────────────────────────────┘
2026-10-01T18:28:59.745Z	
2026-10-01T18:28:59.841Z	App directory: /opt/buildhome/repo
2026-10-01T18:28:59.842Z	Next.js version : 16.2.6
2026-10-01T18:28:59.843Z	@opennextjs/cloudflare version: 1.20.1
2026-10-01T18:28:59.843Z	@opennextjs/aws version: 4.0.2
2026-10-01T18:28:59.852Z	WARN workerd compatibility_date: 2025-04-01, consider updating your wrangler config to a more recent date to benefit from the latest features and fixes.
2026-10-01T18:28:59.852Z	
2026-10-01T18:28:59.852Z	┌─────────────────────────────────┐
2026-10-01T18:28:59.852Z	│ OpenNext — Building Next.js app │
2026-10-01T18:28:59.853Z	└─────────────────────────────────┘
2026-10-01T18:28:59.853Z	
2026-10-01T18:29:00.011Z	
2026-10-01T18:29:00.011Z	> post-master@0.1.0 build
2026-10-01T18:29:00.011Z	> opennextjs-cloudflare build
2026-10-01T18:29:00.011Z	
2026-10-01T18:29:01.491Z	
2026-10-01T18:29:01.491Z	┌─────────────────────────────┐
2026-10-01T18:29:01.491Z	│ OpenNext — Cloudflare build │
2026-10-01T18:29:01.491Z	└─────────────────────────────┘
2026-10-01T18:29:01.491Z	
2026-10-01T18:29:01.596Z	App directory: /opt/buildhome/repo
2026-10-01T18:29:01.597Z	Next.js version : 16.2.6
2026-10-01T18:29:01.597Z	@opennextjs/cloudflare version: 1.20.1
2026-10-01T18:29:01.598Z	@opennextjs/aws version: 4.0.2
2026-10-01T18:29:01.598Z	WARN workerd compatibility_date: 2025-04-01, consider updating your wrangler config to a more recent date to benefit from the latest features and fixes.
2026-10-01T18:29:01.599Z	
2026-10-01T18:29:01.599Z	┌─────────────────────────────────┐
2026-10-01T18:29:01.599Z	│ OpenNext — Building Next.js app │
2026-10-01T18:29:01.599Z	└─────────────────────────────────┘
2026-10-01T18:29:01.599Z	
2026-10-01T18:29:01.752Z	
2026-10-01T18:29:01.752Z	> post-master@0.1.0 build
2026-10-01T18:29:01.752Z	> opennextjs-cloudflare build
2026-10-01T18:29:01.752Z	
2026-10-01T18:29:03.152Z	
2026-10-01T18:29:03.152Z	┌─────────────────────────────┐
2026-10-01T18:29:03.152Z	│ OpenNext — Cloudflare build │
2026-10-01T18:29:03.152Z	└─────────────────────────────┘
2026-10-01T18:29:03.152Z	
2026-10-01T18:29:03.260Z	App directory: /opt/buildhome/repo
2026-10-01T18:29:03.260Z	Next.js version : 16.2.6
2026-10-01T18:29:03.261Z	@opennextjs/cloudflare version: 1.20.1
2026-10-01T18:29:03.261Z	@opennextjs/aws version: 4.0.2
2026-10-01T18:29:03.262Z	WARN workerd compatibility_date: 2025-04-01, consider updating your wrangler config to a more recent date to benefit from the latest features and fixes.
2026-10-01T18:29:03.263Z	
2026-10-01T18:29:03.263Z	┌─────────────────────────────────┐
2026-10-01T18:29:03.263Z	│ OpenNext — Building Next.js app │
2026-10-01T18:29:03.263Z	└─────────────────────────────────┘
2026-10-01T18:29:03.263Z	
2026-10-01T18:29:03.454Z	
2026-10-01T18:29:03.455Z	> post-master@0.1.0 build
2026-10-01T18:29:03.455Z	> opennextjs-cloudflare build
2026-10-01T18:29:03.455Z	
2026-10-01T18:29:04.914Z	
2026-10-01T18:29:04.915Z	┌─────────────────────────────┐
2026-10-01T18:29:04.915Z	│ OpenNext — Cloudflare build │
2026-10-01T18:29:04.915Z	└─────────────────────────────┘
2026-10-01T18:29:04.915Z	
2026-10-01T18:29:04.998Z	App directory: /opt/buildhome/repo
2026-10-01T18:29:04.999Z	Next.js version : 16.2.6
2026-10-01T18:29:04.999Z	@opennextjs/cloudflare version: 1.20.1
2026-10-01T18:29:04.999Z	@opennextjs/aws version: 4.0.2
2026-10-01T18:29:05.000Z	WARN workerd compatibility_date: 2025-04-01, consider updating your wrangler config to a more recent date to benefit from the latest features and fixes.
2026-10-01T18:29:05.001Z	
2026-10-01T18:29:05.001Z	┌─────────────────────────────────┐
2026-10-01T18:29:05.001Z	│ OpenNext — Building Next.js app │
2026-10-01T18:29:05.001Z	└─────────────────────────────────┘
2026-10-01T18:29:05.001Z	
2026-10-01T18:29:05.144Z	
2026-10-01T18:29:05.145Z	> post-master@0.1.0 build
2026-10-01T18:29:05.145Z	> opennextjs-cloudflare build
2026-10-01T18:29:05.145Z	
2026-10-01T18:29:06.666Z	
2026-10-01T18:29:06.666Z	┌─────────────────────────────┐
2026-10-01T18:29:06.672Z	│ OpenNext — Cloudflare build │
2026-10-01T18:29:06.672Z	└─────────────────────────────┘
2026-10-01T18:29:06.672Z	
2026-10-01T18:29:06.765Z	App directory: /opt/buildhome/repo
2026-10-01T18:29:06.765Z	Next.js version : 16.2.6
2026-10-01T18:29:06.766Z	@opennextjs/cloudflare version: 1.20.1
2026-10-01T18:29:06.766Z	@opennextjs/aws version: 4.0.2
2026-10-01T18:29:06.766Z	WARN workerd compatibility_date: 2025-04-01, consider updating your wrangler config to a more recent date to benefit from the latest features and fixes.
2026-10-01T18:29:06.767Z	
2026-10-01T18:29:06.768Z	┌─────────────────────────────────┐
2026-10-01T18:29:06.768Z	│ OpenNext — Building Next.js app │
2026-10-01T18:29:06.768Z	└─────────────────────────────────┘
2026-10-01T18:29:06.768Z	
2026-10-01T18:29:06.919Z	
2026-10-01T18:29:06.919Z	> post-master@0.1.0 build
2026-10-01T18:29:06.920Z	> opennextjs-cloudflare build
2026-10-01T18:29:06.920Z	
2026-10-01T18:29:08.496Z	
2026-10-01T18:29:08.497Z	┌─────────────────────────────┐
2026-10-01T18:29:08.497Z	│ OpenNext — Cloudflare build │
2026-10-01T18:29:08.498Z	└─────────────────────────────┘
2026-10-01T18:29:08.498Z	
2026-10-01T18:29:08.638Z	App directory: /opt/buildhome/repo
2026-10-01T18:29:08.638Z	Next.js version : 16.2.6
2026-10-01T18:29:08.639Z	@opennextjs/cloudflare version: 1.20.1
2026-10-01T18:29:08.639Z	@opennextjs/aws version: 4.0.2
2026-10-01T18:29:08.640Z	WARN workerd compatibility_date: 2025-04-01, consider updating your wrangler config to a more recent date to benefit from the latest features and fixes.
2026-10-01T18:29:08.641Z	
2026-10-01T18:29:08.641Z	┌─────────────────────────────────┐
2026-10-01T18:29:08.641Z	│ OpenNext — Building Next.js app │
2026-10-01T18:29:08.641Z	└─────────────────────────────────┘
2026-10-01T18:29:08.642Z	
2026-10-01T18:29:08.854Z	
2026-10-01T18:29:08.854Z	> post-master@0.1.0 build
2026-10-01T18:29:08.854Z	> opennextjs-cloudflare build
2026-10-01T18:29:08.854Z	
2026-10-01T18:29:10.228Z	
2026-10-01T18:29:10.228Z	┌─────────────────────────────┐
2026-10-01T18:29:10.228Z	│ OpenNext — Cloudflare build │
2026-10-01T18:29:10.228Z	└─────────────────────────────┘
2026-10-01T18:29:10.228Z	
2026-10-01T18:29:10.328Z	App directory: /opt/buildhome/repo
2026-10-01T18:29:10.329Z	Next.js version : 16.2.6
2026-10-01T18:29:10.329Z	@opennextjs/cloudflare version: 1.20.1
2026-10-01T18:29:10.331Z	@opennextjs/aws version: 4.0.2
2026-10-01T18:29:10.331Z	WARN workerd compatibility_date: 2025-04-01, consider updating your wrangler config to a more recent date to benefit from the latest features and fixes.
2026-10-01T18:29:10.334Z	
2026-10-01T18:29:10.334Z	┌─────────────────────────────────┐
2026-10-01T18:29:10.334Z	│ OpenNext — Building Next.js app │
2026-10-01T18:29:10.334Z	└─────────────────────────────────┘
2026-10-01T18:29:10.334Z	
2026-10-01T18:29:10.536Z	
2026-10-01T18:29:10.537Z	> post-master@0.1.0 build
2026-10-01T18:29:10.537Z	> opennextjs-cloudflare build
2026-10-01T18:29:10.537Z	
2026-10-01T18:29:11.887Z	
2026-10-01T18:29:11.887Z	┌─────────────────────────────┐
2026-10-01T18:29:11.887Z	│ OpenNext — Cloudflare build │
2026-10-01T18:29:11.887Z	└─────────────────────────────┘
2026-10-01T18:29:11.887Z	
2026-10-01T18:29:11.981Z	App directory: /opt/buildhome/repo
2026-10-01T18:29:11.982Z	Next.js version : 16.2.6
2026-10-01T18:29:11.988Z	@opennextjs/cloudflare version: 1.20.1
2026-10-01T18:29:11.988Z	@opennextjs/aws version: 4.0.2
2026-10-01T18:29:11.988Z	
2026-10-01T18:29:11.988Z	┌─────────────────────────────────┐
2026-10-01T18:29:11.988Z	│ OpenNext — Building Next.js app │
2026-10-01T18:29:11.989Z	└─────────────────────────────────┘
2026-10-01T18:29:11.989Z	
2026-10-01T18:29:11.989Z	WARN workerd compatibility_date: 2025-04-01, consider updating your wrangler config to a more recent date to benefit from the latest features and fixes.
2026-10-01T18:29:12.147Z	
2026-10-01T18:29:12.147Z	> post-master@0.1.0 build
2026-10-01T18:29:12.147Z	> opennextjs-cloudflare build
2026-10-01T18:29:12.147Z	
2026-10-01T18:29:13.563Z	
2026-10-01T18:29:13.563Z	┌─────────────────────────────┐
2026-10-01T18:29:13.563Z	│ OpenNext — Cloudflare build │
2026-10-01T18:29:13.563Z	└─────────────────────────────┘
2026-10-01T18:29:13.563Z	
2026-10-01T18:29:13.666Z	App directory: /opt/buildhome/repo
2026-10-01T18:29:13.666Z	Next.js version : 16.2.6
2026-10-01T18:29:13.667Z	@opennextjs/cloudflare version: 1.20.1
2026-10-01T18:29:13.668Z	@opennextjs/aws version: 4.0.2
2026-10-01T18:29:13.668Z	WARN workerd compatibility_date: 2025-04-01, consider updating your wrangler config to a more recent date to benefit from the latest features and fixes.
2026-10-01T18:29:13.669Z	
2026-10-01T18:29:13.669Z	┌─────────────────────────────────┐
2026-10-01T18:29:13.669Z	│ OpenNext — Building Next.js app │
2026-10-01T18:29:13.670Z	└─────────────────────────────────┘
2026-10-01T18:29:13.670Z	
2026-10-01T18:29:13.841Z	
2026-10-01T18:29:13.841Z	> post-master@0.1.0 build
2026-10-01T18:29:13.841Z	> opennextjs-cloudflare build
2026-10-01T18:29:13.841Z	
2026-10-01T18:29:15.316Z	
2026-10-01T18:29:15.317Z	┌─────────────────────────────┐
2026-10-01T18:29:15.317Z	│ OpenNext — Cloudflare build │
2026-10-01T18:29:15.317Z	└─────────────────────────────┘
2026-10-01T18:29:15.317Z	
2026-10-01T18:29:15.420Z	App directory: /opt/buildhome/repo
2026-10-01T18:29:15.420Z	Next.js version : 16.2.6
2026-10-01T18:29:15.421Z	@opennextjs/cloudflare version: 1.20.1
2026-10-01T18:29:15.421Z	@opennextjs/aws version: 4.0.2
2026-10-01T18:29:15.421Z	WARN workerd compatibility_date: 2025-04-01, consider updating your wrangler config to a more recent date to benefit from the latest features and fixes.
2026-10-01T18:29:15.422Z	
2026-10-01T18:29:15.422Z	┌─────────────────────────────────┐
2026-10-01T18:29:15.423Z	│ OpenNext — Building Next.js app │
2026-10-01T18:29:15.423Z	└─────────────────────────────────┘
2026-10-01T18:29:15.423Z	
2026-10-01T18:29:15.577Z	
2026-10-01T18:29:15.577Z	> post-master@0.1.0 build
2026-10-01T18:29:15.577Z	> opennextjs-cloudflare build
2026-10-01T18:29:15.577Z	
2026-10-01T18:29:17.268Z	
2026-10-01T18:29:17.268Z	┌─────────────────────────────┐
2026-10-01T18:29:17.268Z	│ OpenNext — Cloudflare build │
2026-10-01T18:29:17.269Z	└─────────────────────────────┘
2026-10-01T18:29:17.269Z	
2026-10-01T18:29:17.376Z	App directory: /opt/buildhome/repo
2026-10-01T18:29:17.377Z	Next.js version : 16.2.6
2026-10-01T18:29:17.378Z	@opennextjs/cloudflare version: 1.20.1
2026-10-01T18:29:17.378Z	@opennextjs/aws version: 4.0.2
2026-10-01T18:29:17.378Z	WARN workerd compatibility_date: 2025-04-01, consider updating your wrangler config to a more recent date to benefit from the latest features and fixes.
2026-10-01T18:29:17.380Z	
2026-10-01T18:29:17.380Z	┌─────────────────────────────────┐
2026-10-01T18:29:17.380Z	│ OpenNext — Building Next.js app │
2026-10-01T18:29:17.380Z	└─────────────────────────────────┘
2026-10-01T18:29:17.380Z	
2026-10-01T18:29:17.596Z	
2026-10-01T18:29:17.596Z	> post-master@0.1.0 build
2026-10-01T18:29:17.596Z	> opennextjs-cloudflare build
2026-10-01T18:29:17.596Z	
2026-10-01T18:29:19.311Z	
2026-10-01T18:29:19.311Z	┌─────────────────────────────┐
2026-10-01T18:29:19.311Z	│ OpenNext — Cloudflare build │
2026-10-01T18:29:19.311Z	└─────────────────────────────┘
2026-10-01T18:29:19.311Z	
2026-10-01T18:29:19.424Z	App directory: /opt/buildhome/repo
2026-10-01T18:29:19.424Z	Next.js version : 16.2.6
2026-10-01T18:29:19.425Z	@opennextjs/cloudflare version: 1.20.1
2026-10-01T18:29:19.426Z	@opennextjs/aws version: 4.0.2
2026-10-01T18:29:19.426Z	WARN workerd compatibility_date: 2025-04-01, consider updating your wrangler config to a more recent date to benefit from the latest features and fixes.
2026-10-01T18:29:19.427Z	
2026-10-01T18:29:19.427Z	┌─────────────────────────────────┐
2026-10-01T18:29:19.427Z	│ OpenNext — Building Next.js app │
2026-10-01T18:29:19.427Z	└─────────────────────────────────┘
2026-10-01T18:29:19.427Z	
2026-10-01T18:29:19.610Z	
2026-10-01T18:29:19.610Z	> post-master@0.1.0 build
2026-10-01T18:29:19.610Z	> opennextjs-cloudflare build
2026-10-01T18:29:19.610Z	
2026-10-01T18:29:21.365Z	
2026-10-01T18:29:21.365Z	┌─────────────────────────────┐
2026-10-01T18:29:21.366Z	│ OpenNext — Cloudflare build │
2026-10-01T18:29:21.366Z	└─────────────────────────────┘
2026-10-01T18:29:21.366Z	
2026-10-01T18:29:21.476Z	App directory: /opt/buildhome/repo
2026-10-01T18:29:21.476Z	Next.js version : 16.2.6
2026-10-01T18:29:21.477Z	@opennextjs/cloudflare version: 1.20.1
2026-10-01T18:29:21.478Z	@opennextjs/aws version: 4.0.2
2026-10-01T18:29:21.479Z	WARN workerd compatibility_date: 2025-04-01, consider updating your wrangler config to a more recent date to benefit from the latest features and fixes.
2026-10-01T18:29:21.481Z	
2026-10-01T18:29:21.481Z	┌─────────────────────────────────┐
2026-10-01T18:29:21.481Z	│ OpenNext — Building Next.js app │
2026-10-01T18:29:21.481Z	└─────────────────────────────────┘
2026-10-01T18:29:21.481Z	
2026-10-01T18:29:21.675Z	
2026-10-01T18:29:21.675Z	> post-master@0.1.0 build
2026-10-01T18:29:21.675Z	> opennextjs-cloudflare build
2026-10-01T18:29:21.675Z	
2026-10-01T18:29:23.600Z	
2026-10-01T18:29:23.600Z	┌─────────────────────────────┐
2026-10-01T18:29:23.600Z	│ OpenNext — Cloudflare build │
2026-10-01T18:29:23.600Z	└─────────────────────────────┘
2026-10-01T18:29:23.600Z	
2026-10-01T18:29:23.703Z	App directory: /opt/buildhome/repo
2026-10-01T18:29:23.703Z	Next.js version : 16.2.6
2026-10-01T18:29:23.704Z	@opennextjs/cloudflare version: 1.20.1
2026-10-01T18:29:23.704Z	@opennextjs/aws version: 4.0.2
2026-10-01T18:29:23.705Z	WARN workerd compatibility_date: 2025-04-01, consider updating your wrangler config to a more recent date to benefit from the latest features and fixes.
2026-10-01T18:29:23.706Z	
2026-10-01T18:29:23.706Z	┌─────────────────────────────────┐
2026-10-01T18:29:23.706Z	│ OpenNext — Building Next.js app │
2026-10-01T18:29:23.706Z	└─────────────────────────────────┘
2026-10-01T18:29:23.706Z	
2026-10-01T18:29:23.908Z	
2026-10-01T18:29:23.908Z	> post-master@0.1.0 build
2026-10-01T18:29:23.908Z	> opennextjs-cloudflare build
2026-10-01T18:29:23.909Z	
2026-10-01T18:29:25.554Z	
2026-10-01T18:29:25.555Z	┌─────────────────────────────┐
2026-10-01T18:29:25.556Z	│ OpenNext — Cloudflare build │
2026-10-01T18:29:25.556Z	└─────────────────────────────┘
2026-10-01T18:29:25.556Z	
2026-10-01T18:29:25.694Z	App directory: /opt/buildhome/repo
2026-10-01T18:29:25.695Z	Next.js version : 16.2.6
2026-10-01T18:29:25.695Z	@opennextjs/cloudflare version: 1.20.1
2026-10-01T18:29:25.695Z	@opennextjs/aws version: 4.0.2
2026-10-01T18:29:25.695Z	WARN workerd compatibility_date: 2025-04-01, consider updating your wrangler config to a more recent date to benefit from the latest features and fixes.
2026-10-01T18:29:25.702Z	
2026-10-01T18:29:25.706Z	┌─────────────────────────────────┐
2026-10-01T18:29:25.706Z	│ OpenNext — Building Next.js app │
2026-10-01T18:29:25.706Z	└─────────────────────────────────┘
2026-10-01T18:29:25.708Z	
2026-10-01T18:29:25.950Z	
2026-10-01T18:29:25.956Z	> post-master@0.1.0 build
2026-10-01T18:29:25.963Z	> opennextjs-cloudflare build
2026-10-01T18:29:25.965Z	
2026-10-01T18:29:27.603Z	
2026-10-01T18:29:27.603Z	┌─────────────────────────────┐
2026-10-01T18:29:27.603Z	│ OpenNext — Cloudflare build │
2026-10-01T18:29:27.603Z	└─────────────────────────────┘
2026-10-01T18:29:27.603Z	
2026-10-01T18:29:27.702Z	App directory: /opt/buildhome/repo
2026-10-01T18:29:27.702Z	Next.js version : 16.2.6
2026-10-01T18:29:27.703Z	@opennextjs/cloudflare version: 1.20.1
2026-10-01T18:29:27.703Z	@opennextjs/aws version: 4.0.2
2026-10-01T18:29:27.703Z	WARN workerd compatibility_date: 2025-04-01, consider updating your wrangler config to a more recent date to benefit from the latest features and fixes.
2026-10-01T18:29:27.705Z	
2026-10-01T18:29:27.705Z	┌─────────────────────────────────┐
2026-10-01T18:29:27.705Z	│ OpenNext — Building Next.js app │
2026-10-01T18:29:27.705Z	└─────────────────────────────────┘
2026-10-01T18:29:27.705Z	
2026-10-01T18:29:27.879Z	
2026-10-01T18:29:27.880Z	> post-master@0.1.0 build
2026-10-01T18:29:27.880Z	> opennextjs-cloudflare build
2026-10-01T18:29:27.880Z	
2026-10-01T18:29:29.345Z	
2026-10-01T18:29:29.345Z	┌─────────────────────────────┐
2026-10-01T18:29:29.345Z	│ OpenNext — Cloudflare build │
2026-10-01T18:29:29.345Z	└─────────────────────────────┘
2026-10-01T18:29:29.345Z	
2026-10-01T18:29:29.440Z	App directory: /opt/buildhome/repo
2026-10-01T18:29:29.440Z	Next.js version : 16.2.6
2026-10-01T18:29:29.441Z	@opennextjs/cloudflare version: 1.20.1
2026-10-01T18:29:29.441Z	@opennextjs/aws version: 4.0.2
2026-10-01T18:29:29.441Z	WARN workerd compatibility_date: 2025-04-01, consider updating your wrangler config to a more recent date to benefit from the latest features and fixes.
2026-10-01T18:29:29.443Z	
2026-10-01T18:29:29.443Z	┌─────────────────────────────────┐
2026-10-01T18:29:29.443Z	│ OpenNext — Building Next.js app │
2026-10-01T18:29:29.443Z	└─────────────────────────────────┘
2026-10-01T18:29:29.443Z	
2026-10-01T18:29:29.615Z	
2026-10-01T18:29:29.616Z	> post-master@0.1.0 build
2026-10-01T18:29:29.616Z	> opennextjs-cloudflare build
2026-10-01T18:29:29.616Z	
2026-10-01T18:29:31.234Z	
2026-10-01T18:29:31.234Z	┌─────────────────────────────┐
2026-10-01T18:29:31.234Z	│ OpenNext — Cloudflare build │
2026-10-01T18:29:31.234Z	└─────────────────────────────┘
2026-10-01T18:29:31.234Z	
2026-10-01T18:29:31.328Z	App directory: /opt/buildhome/repo
2026-10-01T18:29:31.328Z	Next.js version : 16.2.6
2026-10-01T18:29:31.329Z	@opennextjs/cloudflare version: 1.20.1
2026-10-01T18:29:31.329Z	@opennextjs/aws version: 4.0.2
2026-10-01T18:29:31.329Z	WARN workerd compatibility_date: 2025-04-01, consider updating your wrangler config to a more recent date to benefit from the latest features and fixes.
2026-10-01T18:29:31.330Z	
2026-10-01T18:29:31.331Z	┌─────────────────────────────────┐
2026-10-01T18:29:31.331Z	│ OpenNext — Building Next.js app │
2026-10-01T18:29:31.331Z	└─────────────────────────────────┘
2026-10-01T18:29:31.331Z	
2026-10-01T18:29:31.499Z	
2026-10-01T18:29:31.499Z	> post-master@0.1.0 build
2026-10-01T18:29:31.499Z	> opennextjs-cloudflare build
2026-10-01T18:29:31.499Z	
2026-10-01T18:29:33.047Z	
2026-10-01T18:29:33.047Z	┌─────────────────────────────┐
2026-10-01T18:29:33.047Z	│ OpenNext — Cloudflare build │
2026-10-01T18:29:33.047Z	└─────────────────────────────┘
2026-10-01T18:29:33.048Z	
2026-10-01T18:29:33.141Z	App directory: /opt/buildhome/repo
2026-10-01T18:29:33.141Z	Next.js version : 16.2.6
2026-10-01T18:29:33.142Z	@opennextjs/cloudflare version: 1.20.1
2026-10-01T18:29:33.142Z	@opennextjs/aws version: 4.0.2
2026-10-01T18:29:33.142Z	WARN workerd compatibility_date: 2025-04-01, consider updating your wrangler config to a more recent date to benefit from the latest features and fixes.
2026-10-01T18:29:33.144Z	
2026-10-01T18:29:33.144Z	┌─────────────────────────────────┐
2026-10-01T18:29:33.144Z	│ OpenNext — Building Next.js app │
2026-10-01T18:29:33.144Z	└─────────────────────────────────┘
2026-10-01T18:29:33.144Z	
2026-10-01T18:29:33.365Z	
2026-10-01T18:29:33.365Z	> post-master@0.1.0 build
2026-10-01T18:29:33.365Z	> opennextjs-cloudflare build
2026-10-01T18:29:33.365Z	
2026-10-01T18:29:35.000Z	
2026-10-01T18:29:35.000Z	┌─────────────────────────────┐
2026-10-01T18:29:35.000Z	│ OpenNext — Cloudflare build │
2026-10-01T18:29:35.000Z	└─────────────────────────────┘
2026-10-01T18:29:35.000Z	
2026-10-01T18:29:35.097Z	App directory: /opt/buildhome/repo
2026-10-01T18:29:35.097Z	Next.js version : 16.2.6
2026-10-01T18:29:35.099Z	@opennextjs/cloudflare version: 1.20.1
2026-10-01T18:29:35.099Z	@opennextjs/aws version: 4.0.2
2026-10-01T18:29:35.099Z	WARN workerd compatibility_date: 2025-04-01, consider updating your wrangler config to a more recent date to benefit from the latest features and fixes.
2026-10-01T18:29:35.100Z	
2026-10-01T18:29:35.100Z	┌─────────────────────────────────┐
2026-10-01T18:29:35.100Z	│ OpenNext — Building Next.js app │
2026-10-01T18:29:35.100Z	└─────────────────────────────────┘
2026-10-01T18:29:35.100Z	
2026-10-01T18:29:35.289Z	
2026-10-01T18:29:35.289Z	> post-master@0.1.0 build
2026-10-01T18:29:35.289Z	> opennextjs-cloudflare build
2026-10-01T18:29:35.289Z	
2026-10-01T18:29:36.869Z	
2026-10-01T18:29:36.870Z	┌─────────────────────────────┐
2026-10-01T18:29:36.870Z	│ OpenNext — Cloudflare build │
2026-10-01T18:29:36.870Z	└─────────────────────────────┘
2026-10-01T18:29:36.871Z	
2026-10-01T18:29:36.984Z	App directory: /opt/buildhome/repo
2026-10-01T18:29:36.986Z	Next.js version : 16.2.6
2026-10-01T18:29:36.986Z	@opennextjs/cloudflare version: 1.20.1
2026-10-01T18:29:36.986Z	@opennextjs/aws version: 4.0.2
2026-10-01T18:29:36.986Z	WARN workerd compatibility_date: 2025-04-01, consider updating your wrangler config to a more recent date to benefit from the latest features and fixes.
2026-10-01T18:29:36.987Z	
2026-10-01T18:29:36.987Z	┌─────────────────────────────────┐
2026-10-01T18:29:36.987Z	│ OpenNext — Building Next.js app │
2026-10-01T18:29:36.987Z	└─────────────────────────────────┘
2026-10-01T18:29:36.987Z	
2026-10-01T18:29:37.293Z	
2026-10-01T18:29:37.293Z	> post-master@0.1.0 build
2026-10-01T18:29:37.293Z	> opennextjs-cloudflare build
2026-10-01T18:29:37.294Z	
2026-10-01T18:29:38.833Z	
2026-10-01T18:29:38.833Z	┌─────────────────────────────┐
2026-10-01T18:29:38.833Z	│ OpenNext — Cloudflare build │
2026-10-01T18:29:38.833Z	└─────────────────────────────┘
2026-10-01T18:29:38.833Z	
2026-10-01T18:29:38.987Z	App directory: /opt/buildhome/repo
2026-10-01T18:29:38.987Z	Next.js version : 16.2.6
2026-10-01T18:29:38.988Z	@opennextjs/cloudflare version: 1.20.1
2026-10-01T18:29:38.988Z	@opennextjs/aws version: 4.0.2
2026-10-01T18:29:38.988Z	WARN workerd compatibility_date: 2025-04-01, consider updating your wrangler config to a more recent date to benefit from the latest features and fixes.
2026-10-01T18:29:38.989Z	
2026-10-01T18:29:38.989Z	┌─────────────────────────────────┐
2026-10-01T18:29:38.989Z	│ OpenNext — Building Next.js app │
2026-10-01T18:29:38.989Z	└─────────────────────────────────┘
2026-10-01T18:29:38.989Z	
2026-10-01T18:29:39.255Z	
2026-10-01T18:29:39.255Z	> post-master@0.1.0 build
2026-10-01T18:29:39.255Z	> opennextjs-cloudflare build
2026-10-01T18:29:39.255Z	
2026-10-01T18:29:40.766Z	
2026-10-01T18:29:40.767Z	┌─────────────────────────────┐
2026-10-01T18:29:40.767Z	│ OpenNext — Cloudflare build │
2026-10-01T18:29:40.767Z	└─────────────────────────────┘
2026-10-01T18:29:40.767Z	
2026-10-01T18:29:40.868Z	App directory: /opt/buildhome/repo
2026-10-01T18:29:40.868Z	Next.js version : 16.2.6
2026-10-01T18:29:40.869Z	@opennextjs/cloudflare version: 1.20.1
2026-10-01T18:29:40.869Z	@opennextjs/aws version: 4.0.2
2026-10-01T18:29:40.869Z	WARN workerd compatibility_date: 2025-04-01, consider updating your wrangler config to a more recent date to benefit from the latest features and fixes.
2026-10-01T18:29:40.871Z	
2026-10-01T18:29:40.871Z	┌─────────────────────────────────┐
2026-10-01T18:29:40.871Z	│ OpenNext — Building Next.js app │
2026-10-01T18:29:40.871Z	└─────────────────────────────────┘
2026-10-01T18:29:40.871Z	
2026-10-01T18:29:41.030Z	
2026-10-01T18:29:41.030Z	> post-master@0.1.0 build
2026-10-01T18:29:41.030Z	> opennextjs-cloudflare build
2026-10-01T18:29:41.030Z	
2026-10-01T18:29:42.576Z	
2026-10-01T18:29:42.576Z	┌─────────────────────────────┐
2026-10-01T18:29:42.576Z	│ OpenNext — Cloudflare build │
2026-10-01T18:29:42.576Z	└─────────────────────────────┘
2026-10-01T18:29:42.576Z	
2026-10-01T18:29:42.692Z	App directory: /opt/buildhome/repo
2026-10-01T18:29:42.693Z	Next.js version : 16.2.6
2026-10-01T18:29:42.695Z	@opennextjs/cloudflare version: 1.20.1
2026-10-01T18:29:42.695Z	@opennextjs/aws version: 4.0.2
2026-10-01T18:29:42.695Z	WARN workerd compatibility_date: 2025-04-01, consider updating your wrangler config to a more recent date to benefit from the latest features and fixes.
2026-10-01T18:29:42.697Z	
2026-10-01T18:29:42.697Z	┌─────────────────────────────────┐
2026-10-01T18:29:42.697Z	│ OpenNext — Building Next.js app │
2026-10-01T18:29:42.697Z	└─────────────────────────────────┘
2026-10-01T18:29:42.697Z	
2026-10-01T18:29:43.089Z	
2026-10-01T18:29:43.089Z	> post-master@0.1.0 build
2026-10-01T18:29:43.089Z	> opennextjs-cloudflare build
2026-10-01T18:29:43.089Z	
2026-10-01T18:59:15.541Z	Build took too long and was timed out