2026-10-02T05:38:01.725Z	Initializing build environment...
2026-10-02T05:38:03.459Z	Success: Finished initializing build environment
2026-10-02T05:38:03.943Z	Cloning repository...
2026-10-02T05:38:05.733Z	Restoring from dependencies cache
2026-10-02T05:38:05.738Z	Restoring from build output cache
2026-10-02T05:38:06.164Z	Success: Build output restored from build cache.
2026-10-02T05:38:06.173Z	Success: Dependencies restored from build cache.
2026-10-02T05:38:07.779Z	Detected the following tools from environment: yarn@4.5.0, npm@10.9.2, nodejs@24.18.0
2026-10-02T05:38:08.163Z	Installing project dependencies: yarn
2026-10-02T05:38:08.722Z	➤ YN0000: · Yarn 4.5.0
2026-10-02T05:38:08.729Z	➤ YN0000: ┌ Resolution step
2026-10-02T05:38:09.032Z	➤ YN0000: └ Completed in 0s 302ms
2026-10-02T05:38:09.116Z	➤ YN0000: ┌ Fetch step
2026-10-02T05:38:36.533Z	➤ YN0066: │ typescript@patch:typescript@npm%3A5.9.3#optional!builtin<compat/typescript>::version=5.9.3&hash=8c6c40: Cannot apply hunk #1
2026-10-02T05:38:38.540Z	➤ YN0013: │ 943 packages were added to the project (+ 1.11 GiB).
2026-10-02T05:38:38.542Z	➤ YN0000: └ Completed in 29s 426ms
2026-10-02T05:38:38.604Z	➤ YN0000: ┌ Link step
2026-10-02T05:38:58.267Z	➤ YN0007: │ esbuild@npm:0.25.12 must be built because it never has been before or the last one failed
2026-10-02T05:38:58.268Z	➤ YN0007: │ esbuild@npm:0.28.1 must be built because it never has been before or the last one failed
2026-10-02T05:38:58.268Z	➤ YN0007: │ esbuild@npm:0.28.0 must be built because it never has been before or the last one failed
2026-10-02T05:38:58.268Z	➤ YN0007: │ msw@npm:2.14.6 [e9393] must be built because it never has been before or the last one failed
2026-10-02T05:38:58.269Z	➤ YN0007: │ sharp@npm:0.34.5 must be built because it never has been before or the last one failed
2026-10-02T05:38:58.269Z	➤ YN0007: │ @clerk/shared@npm:4.13.1 [89a86] must be built because it never has been before or the last one failed
2026-10-02T05:38:58.269Z	➤ YN0007: │ workerd@npm:1.20260930.2 must be built because it never has been before or the last one failed
2026-10-02T05:38:58.270Z	➤ YN0007: │ esbuild@npm:0.25.4 must be built because it never has been before or the last one failed
2026-10-02T05:38:58.270Z	➤ YN0007: │ unrs-resolver@npm:1.12.2 must be built because it never has been before or the last one failed
2026-10-02T05:38:58.270Z	➤ YN0007: │ esbuild@npm:0.18.20 must be built because it never has been before or the last one failed
2026-10-02T05:38:59.254Z	➤ YN0000: └ Completed in 20s 650ms
2026-10-02T05:38:59.346Z	➤ YN0000: · Done with warnings in 50s 624ms
2026-10-02T05:38:59.781Z	Executing user build command: yarn run build
2026-10-02T05:39:02.452Z	
2026-10-02T05:39:02.452Z	┌─────────────────────────────┐
2026-10-02T05:39:02.452Z	│ OpenNext — Cloudflare build │
2026-10-02T05:39:02.452Z	└─────────────────────────────┘
2026-10-02T05:39:02.452Z	
2026-10-02T05:39:02.564Z	App directory: /opt/buildhome/repo
2026-10-02T05:39:02.565Z	Next.js version : 16.2.6
2026-10-02T05:39:02.567Z	@opennextjs/cloudflare version: 1.20.1
2026-10-02T05:39:02.567Z	@opennextjs/aws version: 4.0.2
2026-10-02T05:39:02.567Z	WARN workerd compatibility_date: 2025-04-01, consider updating your wrangler config to a more recent date to benefit from the latest features and fixes.
2026-10-02T05:39:02.568Z	
2026-10-02T05:39:02.568Z	┌─────────────────────────────────┐
2026-10-02T05:39:02.568Z	│ OpenNext — Building Next.js app │
2026-10-02T05:39:02.568Z	└─────────────────────────────────┘
2026-10-02T05:39:02.568Z	
2026-10-02T05:39:04.476Z	Using secrets defined in .dev.vars
2026-10-02T05:39:04.704Z	▲ Next.js 16.2.6 (Turbopack)
2026-10-02T05:39:04.704Z	
2026-10-02T05:39:04.720Z	⚠ The "middleware" file convention is deprecated. Please use "proxy" instead. Learn more: https://nextjs.org/docs/messages/middleware-to-proxy
2026-10-02T05:39:04.789Z	  Creating an optimized production build ...
2026-10-02T05:39:40.753Z	✓ Compiled successfully in 35.6s
2026-10-02T05:39:40.763Z	  Running TypeScript ...
2026-10-02T05:40:19.488Z	
2026-10-02T05:40:19.489Z	<--- Last few GCs --->
2026-10-02T05:40:19.489Z	
2026-10-02T05:40:19.489Z	[1442:0x1474c000]    37207 ms: Scavenge 2028.8 (2038.7) -> 2025.1 (2046.7) MB, pooled: 0 MB, 2.92 / 0.01 ms  (average mu = 0.348, current mu = 0.326) allocation failure; 
2026-10-02T05:40:19.489Z	[1442:0x1474c000]    38559 ms: Mark-Compact (reduce) 2039.8 (2054.5) -> 2021.7 (2031.7) MB, pooled: 0 MB, 26.27 / 0.01 ms  (+ 1231.8 ms in 143 steps since start of marking, biggest step 15.4 ms, walltime since start of marking 1339 ms) (average mu = 0.324
2026-10-02T05:40:19.490Z	FATAL ERROR: Ineffective mark-compacts near heap limit Allocation failed - JavaScript heap out of memory
2026-10-02T05:40:19.490Z	----- Native stack trace -----
2026-10-02T05:40:19.490Z	
2026-10-02T05:40:19.490Z	 1: 0x74eae8 node::OOMErrorHandler(char const*, v8::OOMDetails const&) [/opt/buildhome/.asdf/installs/nodejs/24.18.0/bin/node]
2026-10-02T05:40:19.490Z	 2: 0xc42680  [/opt/buildhome/.asdf/installs/nodejs/24.18.0/bin/node]
2026-10-02T05:40:19.490Z	 3: 0xc4276f  [/opt/buildhome/.asdf/installs/nodejs/24.18.0/bin/node]
2026-10-02T05:40:19.490Z	 4: 0xee5fc5  [/opt/buildhome/.asdf/installs/nodejs/24.18.0/bin/node]
2026-10-02T05:40:19.490Z	 5: 0xee5ff2  [/opt/buildhome/.asdf/installs/nodejs/24.18.0/bin/node]
2026-10-02T05:40:19.490Z	 6: 0xee62ea  [/opt/buildhome/.asdf/installs/nodejs/24.18.0/bin/node]
2026-10-02T05:40:19.492Z	 7: 0xef6fea  [/opt/buildhome/.asdf/installs/nodejs/24.18.0/bin/node]
2026-10-02T05:40:19.496Z	 8: 0xefb390  [/opt/buildhome/.asdf/installs/nodejs/24.18.0/bin/node]
2026-10-02T05:40:19.496Z	 9: 0x198d931  [/opt/buildhome/.asdf/installs/nodejs/24.18.0/bin/node]
2026-10-02T05:40:20.870Z	Next.js build worker exited with code: null and signal: SIGABRT
2026-10-02T05:40:21.031Z	node:internal/errors:985
2026-10-02T05:40:21.033Z	  const err = new Error(message);
2026-10-02T05:40:21.033Z	              ^
2026-10-02T05:40:21.033Z	
2026-10-02T05:40:21.033Z	Error: Command failed: yarn next build
2026-10-02T05:40:21.033Z	    at genericNodeError (node:internal/errors:985:15)
2026-10-02T05:40:21.033Z	    at wrappedFn (node:internal/errors:539:14)
2026-10-02T05:40:21.033Z	    at checkExecSyncError (node:child_process:925:11)
2026-10-02T05:40:21.033Z	    at Object.execSync (node:child_process:997:15)
2026-10-02T05:40:21.033Z	    at buildNextjsApp (file:///opt/buildhome/repo/node_modules/@opennextjs/aws/dist/build/buildNextApp.js:15:8)
2026-10-02T05:40:21.033Z	    at build (file:///opt/buildhome/repo/node_modules/@opennextjs/cloudflare/dist/cli/build/build.js:63:9)
2026-10-02T05:40:21.033Z	    at process.processTicksAndRejections (node:internal/process/task_queues:104:5)
2026-10-02T05:40:21.034Z	    at async buildCommand (file:///opt/buildhome/repo/node_modules/@opennextjs/cloudflare/dist/cli/commands/build.js:40:5) {
2026-10-02T05:40:21.034Z	  status: 1,
2026-10-02T05:40:21.034Z	  signal: null,
2026-10-02T05:40:21.034Z	  output: [ null, null, null ],
2026-10-02T05:40:21.034Z	  pid: 1372,
2026-10-02T05:40:21.034Z	  stdout: null,
2026-10-02T05:40:21.034Z	  stderr: null
2026-10-02T05:40:21.034Z	}
2026-10-02T05:40:21.035Z	
2026-10-02T05:40:21.035Z	Node.js v24.18.0
2026-10-02T05:40:21.099Z	Failed: error occurred while running build command